<?xml version="1.0" encoding="UTF-8"?>
  <testsuites tests="2" disabled="0" errors="0" failures="2" time="60.270550735">
      <testsuite name="E2e Suite" package="/Users/d061618/go/src/github.com/kyma-project/telemetry-manager/test/e2e" tests="2" disabled="0" skipped="0" errors="0" failures="2" time="60.270550735" timestamp="2023-07-06T12:26:32">
          <properties>
              <property name="SuiteSucceeded" value="false"></property>
              <property name="SuiteHasProgrammaticFocus" value="false"></property>
              <property name="SpecialSuiteFailureReason" value=""></property>
              <property name="SuiteLabels" value="[]"></property>
              <property name="RandomSeed" value="1688639180"></property>
              <property name="RandomizeAllSpecs" value="false"></property>
              <property name="LabelFilter" value=""></property>
              <property name="FocusStrings" value=""></property>
              <property name="SkipStrings" value=""></property>
              <property name="FocusFiles" value=""></property>
              <property name="SkipFiles" value=""></property>
              <property name="FailOnPending" value="false"></property>
              <property name="FailFast" value="false"></property>
              <property name="FlakeAttempts" value="0"></property>
              <property name="DryRun" value="false"></property>
              <property name="ParallelTotal" value="1"></property>
              <property name="OutputInterceptorMode" value=""></property>
          </properties>
          <testcase name="[BeforeSuite]" classname="E2e Suite" status="failed" time="0.260442025">
              <failure message="Expected success, but got an error:&#xA;    &lt;*errors.StatusError | 0xc0001b3900&gt;: &#xA;    object is being deleted: telemetries.operator.kyma-project.io &#34;default&#34; already exists&#xA;    {&#xA;        ErrStatus: {&#xA;            TypeMeta: {Kind: &#34;&#34;, APIVersion: &#34;&#34;},&#xA;            ListMeta: {&#xA;                SelfLink: &#34;&#34;,&#xA;                ResourceVersion: &#34;&#34;,&#xA;                Continue: &#34;&#34;,&#xA;                RemainingItemCount: nil,&#xA;            },&#xA;            Status: &#34;Failure&#34;,&#xA;            Message: &#34;object is being deleted: telemetries.operator.kyma-project.io \&#34;default\&#34; already exists&#34;,&#xA;            Reason: &#34;AlreadyExists&#34;,&#xA;            Details: {&#xA;                Name: &#34;default&#34;,&#xA;                Group: &#34;operator.kyma-project.io&#34;,&#xA;                Kind: &#34;telemetries&#34;,&#xA;                UID: &#34;&#34;,&#xA;                Causes: nil,&#xA;                RetryAfterSeconds: 0,&#xA;            },&#xA;            Code: 409,&#xA;        },&#xA;    }" type="failed">[FAILED] Expected success, but got an error:&#xA;    &lt;*errors.StatusError | 0xc0001b3900&gt;: &#xA;    object is being deleted: telemetries.operator.kyma-project.io &#34;default&#34; already exists&#xA;    {&#xA;        ErrStatus: {&#xA;            TypeMeta: {Kind: &#34;&#34;, APIVersion: &#34;&#34;},&#xA;            ListMeta: {&#xA;                SelfLink: &#34;&#34;,&#xA;                ResourceVersion: &#34;&#34;,&#xA;                Continue: &#34;&#34;,&#xA;                RemainingItemCount: nil,&#xA;            },&#xA;            Status: &#34;Failure&#34;,&#xA;            Message: &#34;object is being deleted: telemetries.operator.kyma-project.io \&#34;default\&#34; already exists&#34;,&#xA;            Reason: &#34;AlreadyExists&#34;,&#xA;            Details: {&#xA;                Name: &#34;default&#34;,&#xA;                Group: &#34;operator.kyma-project.io&#34;,&#xA;                Kind: &#34;telemetries&#34;,&#xA;                UID: &#34;&#34;,&#xA;                Causes: nil,&#xA;                RetryAfterSeconds: 0,&#xA;            },&#xA;            Code: 409,&#xA;        },&#xA;    }&#xA;In [BeforeSuite] at: /Users/d061618/go/src/github.com/kyma-project/telemetry-manager/test/e2e/suite_test.go:61 @ 07/06/23 12:26:32.447&#xA;</failure>
              <system-err>&gt; Enter [BeforeSuite] TOP-LEVEL - /Users/d061618/go/src/github.com/kyma-project/telemetry-manager/test/e2e/suite_test.go:40 @ 07/06/23 12:26:32.186&#xA;2023-07-06T12:26:32+02:00&#x9;DEBUG&#x9;controller-runtime.test-env&#x9;using existing cluster&#xA;2023-07-06T12:26:32+02:00&#x9;DEBUG&#x9;controller-runtime.test-env&#x9;automatically acquiring client configuration&#xA;2023-07-06T12:26:32+02:00&#x9;DEBUG&#x9;controller-runtime.test-env&#x9;installing CRDs&#xA;2023-07-06T12:26:32+02:00&#x9;DEBUG&#x9;controller-runtime.test-env&#x9;installing webhooks&#xA;STEP: bootstrapping test environment - /Users/d061618/go/src/github.com/kyma-project/telemetry-manager/test/e2e/suite_test.go:52 @ 07/06/23 12:26:32.384&#xA;[FAILED] Expected success, but got an error:&#xA;    &lt;*errors.StatusError | 0xc0001b3900&gt;: &#xA;    object is being deleted: telemetries.operator.kyma-project.io &#34;default&#34; already exists&#xA;    {&#xA;        ErrStatus: {&#xA;            TypeMeta: {Kind: &#34;&#34;, APIVersion: &#34;&#34;},&#xA;            ListMeta: {&#xA;                SelfLink: &#34;&#34;,&#xA;                ResourceVersion: &#34;&#34;,&#xA;                Continue: &#34;&#34;,&#xA;                RemainingItemCount: nil,&#xA;            },&#xA;            Status: &#34;Failure&#34;,&#xA;            Message: &#34;object is being deleted: telemetries.operator.kyma-project.io \&#34;default\&#34; already exists&#34;,&#xA;            Reason: &#34;AlreadyExists&#34;,&#xA;            Details: {&#xA;                Name: &#34;default&#34;,&#xA;                Group: &#34;operator.kyma-project.io&#34;,&#xA;                Kind: &#34;telemetries&#34;,&#xA;                UID: &#34;&#34;,&#xA;                Causes: nil,&#xA;                RetryAfterSeconds: 0,&#xA;            },&#xA;            Code: 409,&#xA;        },&#xA;    }&#xA;In [BeforeSuite] at: /Users/d061618/go/src/github.com/kyma-project/telemetry-manager/test/e2e/suite_test.go:61 @ 07/06/23 12:26:32.447&#xA;&lt; Exit [BeforeSuite] TOP-LEVEL - /Users/d061618/go/src/github.com/kyma-project/telemetry-manager/test/e2e/suite_test.go:40 @ 07/06/23 12:26:32.447 (260ms)&#xA;</system-err>
          </testcase>
          <testcase name="[AfterSuite]" classname="E2e Suite" status="failed" time="60.009701242">
              <failure message="Timed out after 60.001s.&#xA;Expected failure, but got no error." type="failed">[FAILED] Timed out after 60.001s.&#xA;Expected failure, but got no error.&#xA;In [AfterSuite] at: /Users/d061618/go/src/github.com/kyma-project/telemetry-manager/test/e2e/suite_test.go:74 @ 07/06/23 12:27:32.458&#xA;</failure>
              <system-err>&gt; Enter [AfterSuite] TOP-LEVEL - /Users/d061618/go/src/github.com/kyma-project/telemetry-manager/test/e2e/suite_test.go:67 @ 07/06/23 12:26:32.447&#xA;[FAILED] Timed out after 60.001s.&#xA;Expected failure, but got no error.&#xA;In [AfterSuite] at: /Users/d061618/go/src/github.com/kyma-project/telemetry-manager/test/e2e/suite_test.go:74 @ 07/06/23 12:27:32.458&#xA;&lt; Exit [AfterSuite] TOP-LEVEL - /Users/d061618/go/src/github.com/kyma-project/telemetry-manager/test/e2e/suite_test.go:67 @ 07/06/23 12:27:32.459 (1m0.01s)&#xA;</system-err>
          </testcase>
      </testsuite>
  </testsuites>